0 verbose cli /usr/local/bin/node /usr/local/lib/node_modules/npm/bin/npm-cli.js
1 info using npm@11.6.2
2 info using node@v22.16.0
3 silly config load:file:/usr/local/lib/node_modules/npm/npmrc
4 silly config load:file:/Volumes/Untitled/whitelabel/SM Specialized Security/website/.npmrc
5 silly config load:file:/Users/tlotlisomofokeng/.npmrc
6 silly config load:file:/usr/local/etc/npmrc
7 verbose title npm exec http-server ./ -p 8080
8 verbose argv "exec" "--yes" "--" "http-server" "./" "-p" "8080"
9 verbose logfile logs-max:10 dir:/Volumes/Untitled/whitelabel/SM Specialized Security/website/.npm-cache/_logs/2026-03-17T06_44_53_070Z-
10 verbose logfile /Volumes/Untitled/whitelabel/SM Specialized Security/website/.npm-cache/_logs/2026-03-17T06_44_53_070Z-debug-0.log
11 silly logfile done cleaning log files
12 silly packumentCache heap:2197815296 maxSize:549453824 maxEntrySize:274726912
13 http fetch GET 200 https://registry.npmjs.org/http-server 729ms (cache miss)
14 silly packumentCache heap:2197815296 maxSize:549453824 maxEntrySize:274726912
15 http fetch GET 200 https://registry.npmjs.org/npm 842ms
16 silly packumentCache heap:2197815296 maxSize:549453824 maxEntrySize:274726912
17 silly idealTree buildDeps
18 silly fetch manifest http-server@14.1.1
19 silly packumentCache full:https://registry.npmjs.org/http-server cache-miss
20 http fetch GET 200 https://registry.npmjs.org/http-server 1035ms (cache miss)
21 silly packumentCache full:https://registry.npmjs.org/http-server set size:undefined disposed:false
22 silly placeDep ROOT http-server@14.1.1 OK for:  want: 14.1.1
23 silly fetch manifest he@^1.2.0
24 silly packumentCache full:https://registry.npmjs.org/he cache-miss
25 silly fetch manifest mime@^1.6.0
26 silly packumentCache full:https://registry.npmjs.org/mime cache-miss
27 silly fetch manifest chalk@^4.1.2
28 silly packumentCache full:https://registry.npmjs.org/chalk cache-miss
29 silly fetch manifest union@~0.5.0
30 silly packumentCache full:https://registry.npmjs.org/union cache-miss
31 silly fetch manifest corser@^2.0.1
32 silly packumentCache full:https://registry.npmjs.org/corser cache-miss
33 silly fetch manifest opener@^1.5.1
34 silly packumentCache full:https://registry.npmjs.org/opener cache-miss
35 silly fetch manifest minimist@^1.2.6
36 silly packumentCache full:https://registry.npmjs.org/minimist cache-miss
37 http fetch GET 200 https://registry.npmjs.org/mime 118ms (cache miss)
38 silly packumentCache full:https://registry.npmjs.org/mime set size:undefined disposed:false
39 silly fetch manifest url-join@^4.0.1
40 silly packumentCache full:https://registry.npmjs.org/url-join cache-miss
41 http fetch GET 200 https://registry.npmjs.org/chalk 252ms (cache miss)
42 silly packumentCache full:https://registry.npmjs.org/chalk set size:undefined disposed:false
43 silly fetch manifest basic-auth@^2.0.1
44 silly packumentCache full:https://registry.npmjs.org/basic-auth cache-miss
45 http fetch GET 200 https://registry.npmjs.org/minimist 263ms (cache miss)
46 silly packumentCache full:https://registry.npmjs.org/minimist set size:undefined disposed:false
47 silly fetch manifest http-proxy@^1.18.1
48 silly packumentCache full:https://registry.npmjs.org/http-proxy cache-miss
49 http fetch GET 200 https://registry.npmjs.org/url-join 152ms (cache miss)
50 silly packumentCache full:https://registry.npmjs.org/url-join set size:undefined disposed:false
51 silly fetch manifest portfinder@^1.0.28
52 silly packumentCache full:https://registry.npmjs.org/portfinder cache-miss
53 http fetch GET 200 https://registry.npmjs.org/basic-auth 176ms (cache miss)
54 silly packumentCache full:https://registry.npmjs.org/basic-auth set size:undefined disposed:false
55 silly fetch manifest secure-compare@3.0.1
56 silly packumentCache full:https://registry.npmjs.org/secure-compare cache-miss
57 http fetch GET 200 https://registry.npmjs.org/portfinder 160ms (cache miss)
58 silly packumentCache full:https://registry.npmjs.org/portfinder set size:undefined disposed:false
59 silly fetch manifest html-encoding-sniffer@^3.0.0
60 silly packumentCache full:https://registry.npmjs.org/html-encoding-sniffer cache-miss
61 http fetch GET 200 https://registry.npmjs.org/he 435ms (cache miss)
62 silly packumentCache full:https://registry.npmjs.org/he set size:undefined disposed:false
63 http fetch GET 200 https://registry.npmjs.org/http-proxy 178ms (cache miss)
64 silly packumentCache full:https://registry.npmjs.org/http-proxy set size:undefined disposed:false
65 http fetch GET 200 https://registry.npmjs.org/html-encoding-sniffer 89ms (cache miss)
66 silly packumentCache full:https://registry.npmjs.org/html-encoding-sniffer set size:undefined disposed:false
67 http fetch GET 200 https://registry.npmjs.org/union 541ms (cache miss)
68 silly packumentCache full:https://registry.npmjs.org/union set size:undefined disposed:false
69 http fetch GET 200 https://registry.npmjs.org/secure-compare 514ms (cache miss)
70 silly packumentCache full:https://registry.npmjs.org/secure-compare set size:undefined disposed:false
71 http fetch GET 200 https://registry.npmjs.org/corser 1126ms (cache miss)
72 silly packumentCache full:https://registry.npmjs.org/corser set size:undefined disposed:false
73 http fetch GET 200 https://registry.npmjs.org/opener 1133ms (cache miss)
74 silly packumentCache full:https://registry.npmjs.org/opener set size:undefined disposed:false
75 silly placeDep ROOT basic-auth@2.0.1 OK for: http-server@14.1.1 want: ^2.0.1
76 silly placeDep ROOT chalk@4.1.2 OK for: http-server@14.1.1 want: ^4.1.2
77 silly placeDep ROOT corser@2.0.1 OK for: http-server@14.1.1 want: ^2.0.1
78 silly placeDep ROOT he@1.2.0 OK for: http-server@14.1.1 want: ^1.2.0
79 silly placeDep ROOT html-encoding-sniffer@3.0.0 OK for: http-server@14.1.1 want: ^3.0.0
80 silly placeDep ROOT http-proxy@1.18.1 OK for: http-server@14.1.1 want: ^1.18.1
81 silly placeDep ROOT mime@1.6.0 OK for: http-server@14.1.1 want: ^1.6.0
82 silly placeDep ROOT minimist@1.2.8 OK for: http-server@14.1.1 want: ^1.2.6
83 silly placeDep ROOT opener@1.5.2 OK for: http-server@14.1.1 want: ^1.5.1
84 silly placeDep ROOT portfinder@1.0.38 OK for: http-server@14.1.1 want: ^1.0.28
85 silly placeDep ROOT secure-compare@3.0.1 OK for: http-server@14.1.1 want: 3.0.1
86 silly placeDep ROOT union@0.5.0 OK for: http-server@14.1.1 want: ~0.5.0
87 silly placeDep ROOT url-join@4.0.1 OK for: http-server@14.1.1 want: ^4.0.1
88 silly fetch manifest safe-buffer@5.1.2
89 silly packumentCache full:https://registry.npmjs.org/safe-buffer cache-miss
90 silly fetch manifest ansi-styles@^4.1.0
91 silly packumentCache full:https://registry.npmjs.org/ansi-styles cache-miss
92 silly fetch manifest supports-color@^7.1.0
93 silly packumentCache full:https://registry.npmjs.org/supports-color cache-miss
94 silly fetch manifest whatwg-encoding@^2.0.0
95 silly packumentCache full:https://registry.npmjs.org/whatwg-encoding cache-miss
96 silly fetch manifest eventemitter3@^4.0.0
97 silly packumentCache full:https://registry.npmjs.org/eventemitter3 cache-miss
98 silly fetch manifest requires-port@^1.0.0
99 silly packumentCache full:https://registry.npmjs.org/requires-port cache-miss
100 silly fetch manifest follow-redirects@^1.0.0
101 silly packumentCache full:https://registry.npmjs.org/follow-redirects cache-miss
102 http fetch GET 200 https://registry.npmjs.org/requires-port 78ms (cache miss)
103 silly packumentCache full:https://registry.npmjs.org/requires-port set size:undefined disposed:false
104 silly fetch manifest async@^3.2.6
105 silly packumentCache full:https://registry.npmjs.org/async cache-miss
106 http fetch GET 200 https://registry.npmjs.org/ansi-styles 90ms (cache miss)
107 silly packumentCache full:https://registry.npmjs.org/ansi-styles set size:undefined disposed:false
108 silly fetch manifest debug@^4.3.6
109 silly packumentCache full:https://registry.npmjs.org/debug cache-miss
110 http fetch GET 200 https://registry.npmjs.org/safe-buffer 94ms (cache miss)
111 silly packumentCache full:https://registry.npmjs.org/safe-buffer set size:undefined disposed:false
112 silly fetch manifest qs@^6.4.0
113 silly packumentCache full:https://registry.npmjs.org/qs cache-miss
114 http fetch GET 200 https://registry.npmjs.org/supports-color 120ms (cache miss)
115 silly packumentCache full:https://registry.npmjs.org/supports-color set size:undefined disposed:false
116 http fetch GET 200 https://registry.npmjs.org/follow-redirects 196ms (cache miss)
117 silly packumentCache full:https://registry.npmjs.org/follow-redirects set size:undefined disposed:false
118 http fetch GET 200 https://registry.npmjs.org/qs 177ms (cache miss)
119 silly packumentCache full:https://registry.npmjs.org/qs set size:undefined disposed:false
120 http fetch GET 200 https://registry.npmjs.org/async 211ms (cache miss)
121 silly packumentCache full:https://registry.npmjs.org/async set size:undefined disposed:false
122 http fetch GET 200 https://registry.npmjs.org/debug 246ms (cache miss)
123 silly packumentCache full:https://registry.npmjs.org/debug set size:undefined disposed:false
124 http fetch GET 200 https://registry.npmjs.org/whatwg-encoding 422ms (cache miss)
125 silly packumentCache full:https://registry.npmjs.org/whatwg-encoding set size:undefined disposed:false
126 http fetch GET 200 https://registry.npmjs.org/eventemitter3 726ms (cache miss)
127 silly packumentCache full:https://registry.npmjs.org/eventemitter3 set size:undefined disposed:false
128 silly placeDep ROOT safe-buffer@5.1.2 OK for: basic-auth@2.0.1 want: 5.1.2
129 silly placeDep ROOT ansi-styles@4.3.0 OK for: chalk@4.1.2 want: ^4.1.0
130 silly placeDep ROOT supports-color@7.2.0 OK for: chalk@4.1.2 want: ^7.1.0
131 silly fetch manifest color-convert@^2.0.1
132 silly packumentCache full:https://registry.npmjs.org/color-convert cache-miss
133 silly fetch manifest has-flag@^4.0.0
134 silly packumentCache full:https://registry.npmjs.org/has-flag cache-miss
135 http fetch GET 200 https://registry.npmjs.org/color-convert 108ms (cache miss)
136 silly packumentCache full:https://registry.npmjs.org/color-convert set size:undefined disposed:false
137 http fetch GET 200 https://registry.npmjs.org/has-flag 122ms (cache miss)
138 silly packumentCache full:https://registry.npmjs.org/has-flag set size:undefined disposed:false
139 silly placeDep ROOT color-convert@2.0.1 OK for: ansi-styles@4.3.0 want: ^2.0.1
140 silly fetch manifest color-name@~1.1.4
141 silly packumentCache full:https://registry.npmjs.org/color-name cache-miss
142 http fetch GET 200 https://registry.npmjs.org/color-name 109ms (cache miss)
143 silly packumentCache full:https://registry.npmjs.org/color-name set size:undefined disposed:false
144 silly placeDep ROOT color-name@1.1.4 OK for: color-convert@2.0.1 want: ~1.1.4
145 silly placeDep ROOT whatwg-encoding@2.0.0 OK for: html-encoding-sniffer@3.0.0 want: ^2.0.0
146 silly fetch manifest iconv-lite@0.6.3
147 silly packumentCache full:https://registry.npmjs.org/iconv-lite cache-miss
148 http fetch GET 200 https://registry.npmjs.org/iconv-lite 84ms (cache miss)
149 silly packumentCache full:https://registry.npmjs.org/iconv-lite set size:undefined disposed:false
150 silly placeDep ROOT eventemitter3@4.0.7 OK for: http-proxy@1.18.1 want: ^4.0.0
151 silly placeDep ROOT follow-redirects@1.15.11 OK for: http-proxy@1.18.1 want: ^1.0.0
152 silly placeDep ROOT requires-port@1.0.0 OK for: http-proxy@1.18.1 want: ^1.0.0
153 silly placeDep ROOT async@3.2.6 OK for: portfinder@1.0.38 want: ^3.2.6
154 silly placeDep ROOT debug@4.4.3 OK for: portfinder@1.0.38 want: ^4.3.6
155 silly fetch manifest ms@^2.1.3
156 silly packumentCache full:https://registry.npmjs.org/ms cache-miss
157 http fetch GET 200 https://registry.npmjs.org/ms 101ms (cache miss)
158 silly packumentCache full:https://registry.npmjs.org/ms set size:undefined disposed:false
159 silly placeDep ROOT ms@2.1.3 OK for: debug@4.4.3 want: ^2.1.3
160 silly placeDep ROOT has-flag@4.0.0 OK for: supports-color@7.2.0 want: ^4.0.0
161 silly placeDep ROOT qs@6.15.0 OK for: union@0.5.0 want: ^6.4.0
162 silly fetch manifest side-channel@^1.1.0
163 silly packumentCache full:https://registry.npmjs.org/side-channel cache-miss
164 http fetch GET 200 https://registry.npmjs.org/side-channel 98ms (cache miss)
165 silly packumentCache full:https://registry.npmjs.org/side-channel set size:undefined disposed:false
166 silly placeDep ROOT side-channel@1.1.0 OK for: qs@6.15.0 want: ^1.1.0
167 silly fetch manifest es-errors@^1.3.0
168 silly packumentCache full:https://registry.npmjs.org/es-errors cache-miss
169 silly fetch manifest object-inspect@^1.13.3
170 silly packumentCache full:https://registry.npmjs.org/object-inspect cache-miss
171 silly fetch manifest side-channel-list@^1.0.0
172 silly packumentCache full:https://registry.npmjs.org/side-channel-list cache-miss
173 silly fetch manifest side-channel-map@^1.0.1
174 silly packumentCache full:https://registry.npmjs.org/side-channel-map cache-miss
175 silly fetch manifest side-channel-weakmap@^1.0.2
176 silly packumentCache full:https://registry.npmjs.org/side-channel-weakmap cache-miss
177 http fetch GET 200 https://registry.npmjs.org/es-errors 104ms (cache miss)
178 silly packumentCache full:https://registry.npmjs.org/es-errors set size:undefined disposed:false
179 http fetch GET 200 https://registry.npmjs.org/side-channel-map 104ms (cache miss)
180 silly packumentCache full:https://registry.npmjs.org/side-channel-map set size:undefined disposed:false
181 http fetch GET 200 https://registry.npmjs.org/object-inspect 104ms (cache miss)
182 silly packumentCache full:https://registry.npmjs.org/object-inspect set size:undefined disposed:false
183 http fetch GET 200 https://registry.npmjs.org/side-channel-list 107ms (cache miss)
184 silly packumentCache full:https://registry.npmjs.org/side-channel-list set size:undefined disposed:false
185 http fetch GET 200 https://registry.npmjs.org/side-channel-weakmap 137ms (cache miss)
186 silly packumentCache full:https://registry.npmjs.org/side-channel-weakmap set size:undefined disposed:false
187 silly placeDep ROOT es-errors@1.3.0 OK for: side-channel@1.1.0 want: ^1.3.0
188 silly placeDep ROOT object-inspect@1.13.4 OK for: side-channel@1.1.0 want: ^1.13.3
189 silly placeDep ROOT side-channel-list@1.0.0 OK for: side-channel@1.1.0 want: ^1.0.0
190 silly placeDep ROOT side-channel-map@1.0.1 OK for: side-channel@1.1.0 want: ^1.0.1
191 silly placeDep ROOT side-channel-weakmap@1.0.2 OK for: side-channel@1.1.0 want: ^1.0.2
192 silly fetch manifest call-bound@^1.0.2
193 silly packumentCache full:https://registry.npmjs.org/call-bound cache-miss
194 silly fetch manifest get-intrinsic@^1.2.5
195 silly packumentCache full:https://registry.npmjs.org/get-intrinsic cache-miss
196 silly fetch manifest call-bound@^1.0.2
197 silly packumentCache full:https://registry.npmjs.org/call-bound cache-miss
198 silly fetch manifest get-intrinsic@^1.2.5
199 silly packumentCache full:https://registry.npmjs.org/get-intrinsic cache-miss
200 http fetch GET 200 https://registry.npmjs.org/call-bound 73ms (cache miss)
201 silly packumentCache full:https://registry.npmjs.org/call-bound set size:undefined disposed:false
202 http fetch GET 200 https://registry.npmjs.org/call-bound 76ms (cache miss)
203 silly packumentCache full:https://registry.npmjs.org/call-bound set size:undefined disposed:false
204 http fetch GET 200 https://registry.npmjs.org/get-intrinsic 115ms (cache miss)
205 silly packumentCache full:https://registry.npmjs.org/get-intrinsic set size:undefined disposed:false
206 http fetch GET 200 https://registry.npmjs.org/get-intrinsic 118ms (cache miss)
207 silly packumentCache full:https://registry.npmjs.org/get-intrinsic set size:undefined disposed:false
208 silly placeDep ROOT call-bound@1.0.4 OK for: side-channel-map@1.0.1 want: ^1.0.2
209 silly placeDep ROOT get-intrinsic@1.3.0 OK for: side-channel-map@1.0.1 want: ^1.2.5
210 silly fetch manifest call-bind-apply-helpers@^1.0.2
211 silly packumentCache full:https://registry.npmjs.org/call-bind-apply-helpers cache-miss
212 silly fetch manifest get-intrinsic@^1.3.0
213 silly packumentCache full:https://registry.npmjs.org/get-intrinsic cache-miss
214 silly fetch manifest gopd@^1.2.0
215 silly packumentCache full:https://registry.npmjs.org/gopd cache-miss
216 silly fetch manifest hasown@^2.0.2
217 silly packumentCache full:https://registry.npmjs.org/hasown cache-miss
218 silly fetch manifest get-proto@^1.0.1
219 silly packumentCache full:https://registry.npmjs.org/get-proto cache-miss
220 silly fetch manifest has-symbols@^1.1.0
221 silly packumentCache full:https://registry.npmjs.org/has-symbols cache-miss
222 silly fetch manifest function-bind@^1.1.2
223 silly packumentCache full:https://registry.npmjs.org/function-bind cache-miss
224 http cache https://registry.npmjs.org/get-intrinsic 4ms (cache hit)
225 silly packumentCache full:https://registry.npmjs.org/get-intrinsic set size:60985 disposed:false
226 silly fetch manifest es-object-atoms@^1.1.1
227 silly packumentCache full:https://registry.npmjs.org/es-object-atoms cache-miss
228 http fetch GET 200 https://registry.npmjs.org/gopd 79ms (cache miss)
229 silly packumentCache full:https://registry.npmjs.org/gopd set size:undefined disposed:false
230 silly fetch manifest math-intrinsics@^1.1.0
231 silly packumentCache full:https://registry.npmjs.org/math-intrinsics cache-miss
232 http fetch GET 200 https://registry.npmjs.org/hasown 87ms (cache miss)
233 silly packumentCache full:https://registry.npmjs.org/hasown set size:undefined disposed:false
234 silly fetch manifest es-define-property@^1.0.1
235 silly packumentCache full:https://registry.npmjs.org/es-define-property cache-miss
236 http fetch GET 200 https://registry.npmjs.org/get-proto 114ms (cache miss)
237 silly packumentCache full:https://registry.npmjs.org/get-proto set size:undefined disposed:false
238 silly fetch manifest call-bind-apply-helpers@^1.0.2
239 silly packumentCache full:https://registry.npmjs.org/call-bind-apply-helpers cache-miss
240 http fetch GET 200 https://registry.npmjs.org/call-bind-apply-helpers 116ms (cache miss)
241 silly packumentCache full:https://registry.npmjs.org/call-bind-apply-helpers set size:undefined disposed:false
242 http fetch GET 200 https://registry.npmjs.org/has-symbols 115ms (cache miss)
243 silly packumentCache full:https://registry.npmjs.org/has-symbols set size:undefined disposed:false
244 http fetch GET 200 https://registry.npmjs.org/es-object-atoms 112ms (cache miss)
245 silly packumentCache full:https://registry.npmjs.org/es-object-atoms set size:undefined disposed:false
246 http fetch GET 200 https://registry.npmjs.org/function-bind 116ms (cache miss)
247 silly packumentCache full:https://registry.npmjs.org/function-bind set size:undefined disposed:false
248 http cache https://registry.npmjs.org/call-bind-apply-helpers 2ms (cache hit)
249 silly packumentCache full:https://registry.npmjs.org/call-bind-apply-helpers set size:12744 disposed:false
250 http fetch GET 200 https://registry.npmjs.org/es-define-property 67ms (cache miss)
251 silly packumentCache full:https://registry.npmjs.org/es-define-property set size:undefined disposed:false
252 http fetch GET 200 https://registry.npmjs.org/math-intrinsics 136ms (cache miss)
253 silly packumentCache full:https://registry.npmjs.org/math-intrinsics set size:undefined disposed:false
254 silly placeDep ROOT call-bind-apply-helpers@1.0.2 OK for: call-bound@1.0.4 want: ^1.0.2
255 silly placeDep ROOT function-bind@1.1.2 OK for: call-bind-apply-helpers@1.0.2 want: ^1.1.2
256 silly placeDep ROOT es-define-property@1.0.1 OK for: get-intrinsic@1.3.0 want: ^1.0.1
257 silly placeDep ROOT es-object-atoms@1.1.1 OK for: get-intrinsic@1.3.0 want: ^1.1.1
258 silly placeDep ROOT get-proto@1.0.1 OK for: get-intrinsic@1.3.0 want: ^1.0.1
259 silly placeDep ROOT gopd@1.2.0 OK for: get-intrinsic@1.3.0 want: ^1.2.0
260 silly placeDep ROOT has-symbols@1.1.0 OK for: get-intrinsic@1.3.0 want: ^1.1.0
261 silly placeDep ROOT hasown@2.0.2 OK for: get-intrinsic@1.3.0 want: ^2.0.2
262 silly placeDep ROOT math-intrinsics@1.1.0 OK for: get-intrinsic@1.3.0 want: ^1.1.0
263 silly fetch manifest dunder-proto@^1.0.1
264 silly packumentCache full:https://registry.npmjs.org/dunder-proto cache-miss
265 http fetch GET 200 https://registry.npmjs.org/dunder-proto 141ms (cache miss)
266 silly packumentCache full:https://registry.npmjs.org/dunder-proto set size:undefined disposed:false
267 silly placeDep ROOT dunder-proto@1.0.1 OK for: get-proto@1.0.1 want: ^1.0.1
268 silly placeDep ROOT iconv-lite@0.6.3 OK for: whatwg-encoding@2.0.0 want: 0.6.3
269 silly fetch manifest safer-buffer@>= 2.1.2 < 3.0.0
270 silly packumentCache full:https://registry.npmjs.org/safer-buffer cache-miss
271 http fetch GET 200 https://registry.npmjs.org/safer-buffer 185ms (cache miss)
272 silly packumentCache full:https://registry.npmjs.org/safer-buffer set size:undefined disposed:false
273 silly placeDep ROOT safer-buffer@2.1.2 OK for: iconv-lite@0.6.3 want: >= 2.1.2 < 3.0.0
274 silly reify moves {}
275 silly audit bulk request {
275 silly audit   'http-server': [ '14.1.1' ],
275 silly audit   'basic-auth': [ '2.0.1' ],
275 silly audit   chalk: [ '4.1.2' ],
275 silly audit   corser: [ '2.0.1' ],
275 silly audit   he: [ '1.2.0' ],
275 silly audit   'html-encoding-sniffer': [ '3.0.0' ],
275 silly audit   'http-proxy': [ '1.18.1' ],
275 silly audit   mime: [ '1.6.0' ],
275 silly audit   minimist: [ '1.2.8' ],
275 silly audit   opener: [ '1.5.2' ],
275 silly audit   portfinder: [ '1.0.38' ],
275 silly audit   'secure-compare': [ '3.0.1' ],
275 silly audit   union: [ '0.5.0' ],
275 silly audit   'url-join': [ '4.0.1' ],
275 silly audit   'safe-buffer': [ '5.1.2' ],
275 silly audit   'ansi-styles': [ '4.3.0' ],
275 silly audit   'supports-color': [ '7.2.0' ],
275 silly audit   'color-convert': [ '2.0.1' ],
275 silly audit   'color-name': [ '1.1.4' ],
275 silly audit   'whatwg-encoding': [ '2.0.0' ],
275 silly audit   eventemitter3: [ '4.0.7' ],
275 silly audit   'follow-redirects': [ '1.15.11' ],
275 silly audit   'requires-port': [ '1.0.0' ],
275 silly audit   async: [ '3.2.6' ],
275 silly audit   debug: [ '4.4.3' ],
275 silly audit   ms: [ '2.1.3' ],
275 silly audit   'has-flag': [ '4.0.0' ],
275 silly audit   qs: [ '6.15.0' ],
275 silly audit   'side-channel': [ '1.1.0' ],
275 silly audit   'es-errors': [ '1.3.0' ],
275 silly audit   'object-inspect': [ '1.13.4' ],
275 silly audit   'side-channel-list': [ '1.0.0' ],
275 silly audit   'side-channel-map': [ '1.0.1' ],
275 silly audit   'side-channel-weakmap': [ '1.0.2' ],
275 silly audit   'call-bound': [ '1.0.4' ],
275 silly audit   'get-intrinsic': [ '1.3.0' ],
275 silly audit   'call-bind-apply-helpers': [ '1.0.2' ],
275 silly audit   'function-bind': [ '1.1.2' ],
275 silly audit   'es-define-property': [ '1.0.1' ],
275 silly audit   'es-object-atoms': [ '1.1.1' ],
275 silly audit   'get-proto': [ '1.0.1' ],
275 silly audit   gopd: [ '1.2.0' ],
275 silly audit   'has-symbols': [ '1.1.0' ],
275 silly audit   hasown: [ '2.0.2' ],
275 silly audit   'math-intrinsics': [ '1.1.0' ],
275 silly audit   'dunder-proto': [ '1.0.1' ],
275 silly audit   'iconv-lite': [ '0.6.3' ],
275 silly audit   'safer-buffer': [ '2.1.2' ]
275 silly audit }
276 http cache safer-buffer@https://registry.npmjs.org/safer-buffer/-/safer-buffer-2.1.2.tgz 0ms (cache hit)
277 http cache iconv-lite@https://registry.npmjs.org/iconv-lite/-/iconv-lite-0.6.3.tgz 0ms (cache hit)
278 http cache dunder-proto@https://registry.npmjs.org/dunder-proto/-/dunder-proto-1.0.1.tgz 0ms (cache hit)
279 http cache math-intrinsics@https://registry.npmjs.org/math-intrinsics/-/math-intrinsics-1.1.0.tgz 0ms (cache hit)
280 http cache hasown@https://registry.npmjs.org/hasown/-/hasown-2.0.2.tgz 0ms (cache hit)
281 http cache has-symbols@https://registry.npmjs.org/has-symbols/-/has-symbols-1.1.0.tgz 0ms (cache hit)
282 http cache gopd@https://registry.npmjs.org/gopd/-/gopd-1.2.0.tgz 0ms (cache hit)
283 http cache get-proto@https://registry.npmjs.org/get-proto/-/get-proto-1.0.1.tgz 0ms (cache hit)
284 http cache es-object-atoms@https://registry.npmjs.org/es-object-atoms/-/es-object-atoms-1.1.1.tgz 0ms (cache hit)
285 http cache es-define-property@https://registry.npmjs.org/es-define-property/-/es-define-property-1.0.1.tgz 0ms (cache hit)
286 http cache function-bind@https://registry.npmjs.org/function-bind/-/function-bind-1.1.2.tgz 0ms (cache hit)
287 http cache call-bind-apply-helpers@https://registry.npmjs.org/call-bind-apply-helpers/-/call-bind-apply-helpers-1.0.2.tgz 0ms (cache hit)
288 http cache get-intrinsic@https://registry.npmjs.org/get-intrinsic/-/get-intrinsic-1.3.0.tgz 0ms (cache hit)
289 http cache call-bound@https://registry.npmjs.org/call-bound/-/call-bound-1.0.4.tgz 0ms (cache hit)
290 http cache side-channel-weakmap@https://registry.npmjs.org/side-channel-weakmap/-/side-channel-weakmap-1.0.2.tgz 0ms (cache hit)
291 http cache side-channel-map@https://registry.npmjs.org/side-channel-map/-/side-channel-map-1.0.1.tgz 0ms (cache hit)
292 http cache side-channel-list@https://registry.npmjs.org/side-channel-list/-/side-channel-list-1.0.0.tgz 0ms (cache hit)
293 http cache object-inspect@https://registry.npmjs.org/object-inspect/-/object-inspect-1.13.4.tgz 0ms (cache hit)
294 http cache es-errors@https://registry.npmjs.org/es-errors/-/es-errors-1.3.0.tgz 0ms (cache hit)
295 http cache side-channel@https://registry.npmjs.org/side-channel/-/side-channel-1.1.0.tgz 0ms (cache hit)
296 http cache qs@https://registry.npmjs.org/qs/-/qs-6.15.0.tgz 0ms (cache hit)
297 http cache has-flag@https://registry.npmjs.org/has-flag/-/has-flag-4.0.0.tgz 0ms (cache hit)
298 http cache ms@https://registry.npmjs.org/ms/-/ms-2.1.3.tgz 0ms (cache hit)
299 http cache debug@https://registry.npmjs.org/debug/-/debug-4.4.3.tgz 0ms (cache hit)
300 http cache async@https://registry.npmjs.org/async/-/async-3.2.6.tgz 0ms (cache hit)
301 http cache requires-port@https://registry.npmjs.org/requires-port/-/requires-port-1.0.0.tgz 0ms (cache hit)
302 http cache follow-redirects@https://registry.npmjs.org/follow-redirects/-/follow-redirects-1.15.11.tgz 0ms (cache hit)
303 http cache eventemitter3@https://registry.npmjs.org/eventemitter3/-/eventemitter3-4.0.7.tgz 0ms (cache hit)
304 http cache whatwg-encoding@https://registry.npmjs.org/whatwg-encoding/-/whatwg-encoding-2.0.0.tgz 0ms (cache hit)
305 http cache color-name@https://registry.npmjs.org/color-name/-/color-name-1.1.4.tgz 0ms (cache hit)
306 http cache color-convert@https://registry.npmjs.org/color-convert/-/color-convert-2.0.1.tgz 0ms (cache hit)
307 http cache supports-color@https://registry.npmjs.org/supports-color/-/supports-color-7.2.0.tgz 0ms (cache hit)
308 http cache ansi-styles@https://registry.npmjs.org/ansi-styles/-/ansi-styles-4.3.0.tgz 0ms (cache hit)
309 http cache safe-buffer@https://registry.npmjs.org/safe-buffer/-/safe-buffer-5.1.2.tgz 0ms (cache hit)
310 http cache url-join@https://registry.npmjs.org/url-join/-/url-join-4.0.1.tgz 0ms (cache hit)
311 http cache union@https://registry.npmjs.org/union/-/union-0.5.0.tgz 0ms (cache hit)
312 http cache secure-compare@https://registry.npmjs.org/secure-compare/-/secure-compare-3.0.1.tgz 0ms (cache hit)
313 http cache portfinder@https://registry.npmjs.org/portfinder/-/portfinder-1.0.38.tgz 0ms (cache hit)
314 http cache opener@https://registry.npmjs.org/opener/-/opener-1.5.2.tgz 0ms (cache hit)
315 http cache minimist@https://registry.npmjs.org/minimist/-/minimist-1.2.8.tgz 0ms (cache hit)
316 http cache mime@https://registry.npmjs.org/mime/-/mime-1.6.0.tgz 0ms (cache hit)
317 http cache http-proxy@https://registry.npmjs.org/http-proxy/-/http-proxy-1.18.1.tgz 0ms (cache hit)
318 http cache html-encoding-sniffer@https://registry.npmjs.org/html-encoding-sniffer/-/html-encoding-sniffer-3.0.0.tgz 0ms (cache hit)
319 http cache chalk@https://registry.npmjs.org/chalk/-/chalk-4.1.2.tgz 0ms (cache hit)
320 http cache corser@https://registry.npmjs.org/corser/-/corser-2.0.1.tgz 0ms (cache hit)
321 http cache he@https://registry.npmjs.org/he/-/he-1.2.0.tgz 0ms (cache hit)
322 http cache basic-auth@https://registry.npmjs.org/basic-auth/-/basic-auth-2.0.1.tgz 0ms (cache hit)
323 http cache http-server@https://registry.npmjs.org/http-server/-/http-server-14.1.1.tgz 0ms (cache hit)
324 silly tarball no local data for safer-buffer@https://registry.npmjs.org/safer-buffer/-/safer-buffer-2.1.2.tgz. Extracting by manifest.
325 silly tarball no local data for iconv-lite@https://registry.npmjs.org/iconv-lite/-/iconv-lite-0.6.3.tgz. Extracting by manifest.
326 silly tarball no local data for dunder-proto@https://registry.npmjs.org/dunder-proto/-/dunder-proto-1.0.1.tgz. Extracting by manifest.
327 silly tarball no local data for math-intrinsics@https://registry.npmjs.org/math-intrinsics/-/math-intrinsics-1.1.0.tgz. Extracting by manifest.
328 silly tarball no local data for hasown@https://registry.npmjs.org/hasown/-/hasown-2.0.2.tgz. Extracting by manifest.
329 silly tarball no local data for has-symbols@https://registry.npmjs.org/has-symbols/-/has-symbols-1.1.0.tgz. Extracting by manifest.
330 silly tarball no local data for gopd@https://registry.npmjs.org/gopd/-/gopd-1.2.0.tgz. Extracting by manifest.
331 silly tarball no local data for get-proto@https://registry.npmjs.org/get-proto/-/get-proto-1.0.1.tgz. Extracting by manifest.
332 silly tarball no local data for es-object-atoms@https://registry.npmjs.org/es-object-atoms/-/es-object-atoms-1.1.1.tgz. Extracting by manifest.
333 silly tarball no local data for es-define-property@https://registry.npmjs.org/es-define-property/-/es-define-property-1.0.1.tgz. Extracting by manifest.
334 silly tarball no local data for function-bind@https://registry.npmjs.org/function-bind/-/function-bind-1.1.2.tgz. Extracting by manifest.
335 silly tarball no local data for call-bind-apply-helpers@https://registry.npmjs.org/call-bind-apply-helpers/-/call-bind-apply-helpers-1.0.2.tgz. Extracting by manifest.
336 silly tarball no local data for get-intrinsic@https://registry.npmjs.org/get-intrinsic/-/get-intrinsic-1.3.0.tgz. Extracting by manifest.
337 silly tarball no local data for call-bound@https://registry.npmjs.org/call-bound/-/call-bound-1.0.4.tgz. Extracting by manifest.
338 silly tarball no local data for side-channel-weakmap@https://registry.npmjs.org/side-channel-weakmap/-/side-channel-weakmap-1.0.2.tgz. Extracting by manifest.
339 silly tarball no local data for side-channel-map@https://registry.npmjs.org/side-channel-map/-/side-channel-map-1.0.1.tgz. Extracting by manifest.
340 silly tarball no local data for side-channel-list@https://registry.npmjs.org/side-channel-list/-/side-channel-list-1.0.0.tgz. Extracting by manifest.
341 silly tarball no local data for object-inspect@https://registry.npmjs.org/object-inspect/-/object-inspect-1.13.4.tgz. Extracting by manifest.
342 silly tarball no local data for es-errors@https://registry.npmjs.org/es-errors/-/es-errors-1.3.0.tgz. Extracting by manifest.
343 silly tarball no local data for side-channel@https://registry.npmjs.org/side-channel/-/side-channel-1.1.0.tgz. Extracting by manifest.
344 silly tarball no local data for qs@https://registry.npmjs.org/qs/-/qs-6.15.0.tgz. Extracting by manifest.
345 silly tarball no local data for has-flag@https://registry.npmjs.org/has-flag/-/has-flag-4.0.0.tgz. Extracting by manifest.
346 silly tarball no local data for ms@https://registry.npmjs.org/ms/-/ms-2.1.3.tgz. Extracting by manifest.
347 silly tarball no local data for debug@https://registry.npmjs.org/debug/-/debug-4.4.3.tgz. Extracting by manifest.
348 silly tarball no local data for async@https://registry.npmjs.org/async/-/async-3.2.6.tgz. Extracting by manifest.
349 silly tarball no local data for requires-port@https://registry.npmjs.org/requires-port/-/requires-port-1.0.0.tgz. Extracting by manifest.
350 silly tarball no local data for follow-redirects@https://registry.npmjs.org/follow-redirects/-/follow-redirects-1.15.11.tgz. Extracting by manifest.
351 silly tarball no local data for eventemitter3@https://registry.npmjs.org/eventemitter3/-/eventemitter3-4.0.7.tgz. Extracting by manifest.
352 silly tarball no local data for whatwg-encoding@https://registry.npmjs.org/whatwg-encoding/-/whatwg-encoding-2.0.0.tgz. Extracting by manifest.
353 silly tarball no local data for color-name@https://registry.npmjs.org/color-name/-/color-name-1.1.4.tgz. Extracting by manifest.
354 silly tarball no local data for color-convert@https://registry.npmjs.org/color-convert/-/color-convert-2.0.1.tgz. Extracting by manifest.
355 silly tarball no local data for supports-color@https://registry.npmjs.org/supports-color/-/supports-color-7.2.0.tgz. Extracting by manifest.
356 silly tarball no local data for ansi-styles@https://registry.npmjs.org/ansi-styles/-/ansi-styles-4.3.0.tgz. Extracting by manifest.
357 silly tarball no local data for safe-buffer@https://registry.npmjs.org/safe-buffer/-/safe-buffer-5.1.2.tgz. Extracting by manifest.
358 silly tarball no local data for url-join@https://registry.npmjs.org/url-join/-/url-join-4.0.1.tgz. Extracting by manifest.
359 silly tarball no local data for union@https://registry.npmjs.org/union/-/union-0.5.0.tgz. Extracting by manifest.
360 silly tarball no local data for secure-compare@https://registry.npmjs.org/secure-compare/-/secure-compare-3.0.1.tgz. Extracting by manifest.
361 silly tarball no local data for portfinder@https://registry.npmjs.org/portfinder/-/portfinder-1.0.38.tgz. Extracting by manifest.
362 silly tarball no local data for opener@https://registry.npmjs.org/opener/-/opener-1.5.2.tgz. Extracting by manifest.
363 silly tarball no local data for minimist@https://registry.npmjs.org/minimist/-/minimist-1.2.8.tgz. Extracting by manifest.
364 silly tarball no local data for mime@https://registry.npmjs.org/mime/-/mime-1.6.0.tgz. Extracting by manifest.
365 silly tarball no local data for http-proxy@https://registry.npmjs.org/http-proxy/-/http-proxy-1.18.1.tgz. Extracting by manifest.
366 silly tarball no local data for html-encoding-sniffer@https://registry.npmjs.org/html-encoding-sniffer/-/html-encoding-sniffer-3.0.0.tgz. Extracting by manifest.
367 silly tarball no local data for chalk@https://registry.npmjs.org/chalk/-/chalk-4.1.2.tgz. Extracting by manifest.
368 silly tarball no local data for corser@https://registry.npmjs.org/corser/-/corser-2.0.1.tgz. Extracting by manifest.
369 silly tarball no local data for he@https://registry.npmjs.org/he/-/he-1.2.0.tgz. Extracting by manifest.
370 silly tarball no local data for basic-auth@https://registry.npmjs.org/basic-auth/-/basic-auth-2.0.1.tgz. Extracting by manifest.
371 silly tarball no local data for http-server@https://registry.npmjs.org/http-server/-/http-server-14.1.1.tgz. Extracting by manifest.
372 http fetch GET 200 https://registry.npmjs.org/hasown/-/hasown-2.0.2.tgz 175ms (cache miss)
373 http fetch GET 200 https://registry.npmjs.org/has-symbols/-/has-symbols-1.1.0.tgz 175ms (cache miss)
374 http fetch GET 200 https://registry.npmjs.org/safer-buffer/-/safer-buffer-2.1.2.tgz 176ms (cache miss)
375 http fetch GET 200 https://registry.npmjs.org/dunder-proto/-/dunder-proto-1.0.1.tgz 223ms (cache miss)
376 http fetch GET 200 https://registry.npmjs.org/side-channel-map/-/side-channel-map-1.0.1.tgz 271ms (cache miss)
377 http fetch GET 200 https://registry.npmjs.org/side-channel-weakmap/-/side-channel-weakmap-1.0.2.tgz 272ms (cache miss)
378 http fetch GET 200 https://registry.npmjs.org/math-intrinsics/-/math-intrinsics-1.1.0.tgz 314ms (cache miss)
379 http fetch POST 200 https://registry.npmjs.org/-/npm/v1/security/advisories/bulk 397ms
380 silly audit report {}
381 http fetch GET 200 https://registry.npmjs.org/side-channel-list/-/side-channel-list-1.0.0.tgz 405ms (cache miss)
382 http fetch GET 200 https://registry.npmjs.org/side-channel/-/side-channel-1.1.0.tgz 405ms (cache miss)
383 http fetch GET 200 https://registry.npmjs.org/es-errors/-/es-errors-1.3.0.tgz 406ms (cache miss)
384 http fetch GET 200 https://registry.npmjs.org/gopd/-/gopd-1.2.0.tgz 474ms (cache miss)
385 http fetch GET 200 https://registry.npmjs.org/ms/-/ms-2.1.3.tgz 573ms (cache miss)
386 http fetch GET 200 https://registry.npmjs.org/es-object-atoms/-/es-object-atoms-1.1.1.tgz 625ms (cache miss)
387 http fetch GET 200 https://registry.npmjs.org/requires-port/-/requires-port-1.0.0.tgz 623ms (cache miss)
388 http fetch GET 200 https://registry.npmjs.org/call-bind-apply-helpers/-/call-bind-apply-helpers-1.0.2.tgz 679ms (cache miss)
389 http fetch GET 200 https://registry.npmjs.org/has-flag/-/has-flag-4.0.0.tgz 678ms (cache miss)
390 http fetch GET 200 https://registry.npmjs.org/debug/-/debug-4.4.3.tgz 717ms (cache miss)
391 http fetch GET 200 https://registry.npmjs.org/get-intrinsic/-/get-intrinsic-1.3.0.tgz 738ms (cache miss)
392 http fetch GET 200 https://registry.npmjs.org/es-define-property/-/es-define-property-1.0.1.tgz 799ms (cache miss)
393 http fetch GET 200 https://registry.npmjs.org/get-proto/-/get-proto-1.0.1.tgz 800ms (cache miss)
394 http fetch GET 200 https://registry.npmjs.org/iconv-lite/-/iconv-lite-0.6.3.tgz 853ms (cache miss)
395 http fetch GET 200 https://registry.npmjs.org/function-bind/-/function-bind-1.1.2.tgz 944ms (cache miss)
396 http fetch GET 200 https://registry.npmjs.org/follow-redirects/-/follow-redirects-1.15.11.tgz 1348ms (cache miss)
397 http fetch GET 200 https://registry.npmjs.org/supports-color/-/supports-color-7.2.0.tgz 1364ms (cache miss)
398 http fetch GET 200 https://registry.npmjs.org/color-name/-/color-name-1.1.4.tgz 1365ms (cache miss)
399 http fetch GET 200 https://registry.npmjs.org/secure-compare/-/secure-compare-3.0.1.tgz 1364ms (cache miss)
400 http fetch GET 200 https://registry.npmjs.org/color-convert/-/color-convert-2.0.1.tgz 1365ms (cache miss)
401 http fetch GET 200 https://registry.npmjs.org/eventemitter3/-/eventemitter3-4.0.7.tgz 1366ms (cache miss)
402 http fetch GET 200 https://registry.npmjs.org/ansi-styles/-/ansi-styles-4.3.0.tgz 1365ms (cache miss)
403 http fetch GET 200 https://registry.npmjs.org/url-join/-/url-join-4.0.1.tgz 1463ms (cache miss)
404 http fetch GET 200 https://registry.npmjs.org/portfinder/-/portfinder-1.0.38.tgz 1527ms (cache miss)
405 http fetch GET 200 https://registry.npmjs.org/call-bound/-/call-bound-1.0.4.tgz 1532ms (cache miss)
406 http fetch GET 200 https://registry.npmjs.org/corser/-/corser-2.0.1.tgz 1527ms (cache miss)
407 http fetch GET 200 https://registry.npmjs.org/object-inspect/-/object-inspect-1.13.4.tgz 1666ms (cache miss)
408 http fetch GET 200 https://registry.npmjs.org/opener/-/opener-1.5.2.tgz 1662ms (cache miss)
409 http fetch GET 200 https://registry.npmjs.org/whatwg-encoding/-/whatwg-encoding-2.0.0.tgz 1693ms (cache miss)
410 warn deprecated whatwg-encoding@2.0.0: Use @exodus/bytes instead for a more spec-conformant and faster implementation
411 http fetch GET 200 https://registry.npmjs.org/safe-buffer/-/safe-buffer-5.1.2.tgz 1693ms (cache miss)
412 http fetch GET 200 https://registry.npmjs.org/html-encoding-sniffer/-/html-encoding-sniffer-3.0.0.tgz 1691ms (cache miss)
413 http fetch GET 200 https://registry.npmjs.org/he/-/he-1.2.0.tgz 1988ms (cache miss)
414 http fetch GET 200 https://registry.npmjs.org/basic-auth/-/basic-auth-2.0.1.tgz 1988ms (cache miss)
415 http fetch GET 200 https://registry.npmjs.org/chalk/-/chalk-4.1.2.tgz 2329ms (cache miss)
416 http fetch GET 200 https://registry.npmjs.org/mime/-/mime-1.6.0.tgz 2385ms (cache miss)
417 http fetch GET 200 https://registry.npmjs.org/http-proxy/-/http-proxy-1.18.1.tgz 2521ms (cache miss)
418 http fetch GET 200 https://registry.npmjs.org/qs/-/qs-6.15.0.tgz 2598ms (cache miss)
419 http fetch GET 200 https://registry.npmjs.org/minimist/-/minimist-1.2.8.tgz 2594ms (cache miss)
420 http fetch GET 200 https://registry.npmjs.org/http-server/-/http-server-14.1.1.tgz 2940ms (cache miss)
421 http fetch GET 200 https://registry.npmjs.org/union/-/union-0.5.0.tgz 2945ms (cache miss)
422 http fetch GET 200 https://registry.npmjs.org/async/-/async-3.2.6.tgz 3224ms (cache miss)
423 verbose cwd /Volumes/Untitled/whitelabel/SM Specialized Security/website
424 verbose os Darwin 25.3.0
425 verbose node v22.16.0
426 verbose npm  v11.6.2
427 notice
427 notice New [33mminor[39m version of npm available! [33m11.6.2[39m -> [34m11.11.1[39m
427 notice Changelog: [34mhttps://github.com/npm/cli/releases/tag/v11.11.1[39m
427 notice To update run: [4mnpm install -g npm@11.11.1[24m
427 notice  { force: true, [Symbol(proc-log.meta)]: true }
428 verbose exit 0
429 info ok
