0 verbose cli /usr/local/bin/node /usr/local/lib/node_modules/npm/bin/npm-cli.js
1 info using npm@11.6.2
2 info using node@v22.16.0
3 silly config load:file:/usr/local/lib/node_modules/npm/npmrc
4 silly config load:file:/Volumes/Untitled/whitelabel/SM Specialized Security/website/.npmrc
5 silly config load:file:/Users/tlotlisomofokeng/.npmrc
6 silly config load:file:/usr/local/etc/npmrc
7 verbose title npm exec http-server ./ -p 8080
8 verbose argv "exec" "--yes" "--" "http-server" "./" "-p" "8080"
9 verbose logfile logs-max:10 dir:/Volumes/Untitled/whitelabel/SM Specialized Security/website/.npm-cache/_logs/2026-03-17T08_27_58_140Z-
10 verbose logfile /Volumes/Untitled/whitelabel/SM Specialized Security/website/.npm-cache/_logs/2026-03-17T08_27_58_140Z-debug-0.log
11 silly logfile done cleaning log files
12 silly packumentCache heap:2197815296 maxSize:549453824 maxEntrySize:274726912
13 http fetch GET 200 https://registry.npmjs.org/http-server 727ms (cache revalidated)
14 silly packumentCache heap:2197815296 maxSize:549453824 maxEntrySize:274726912
15 silly packumentCache heap:2197815296 maxSize:549453824 maxEntrySize:274726912
16 verbose cwd /Volumes/Untitled/whitelabel/SM Specialized Security/website
17 verbose os Darwin 25.3.0
18 verbose node v22.16.0
19 verbose npm  v11.6.2
20 verbose exit 0
21 info ok
